2014-03-02
hello
